// Jest Snapshot v1, https://goo.gl/fbAQLP

exports[`Storyshots Components/Button Default 1`] = `
<button
  className="Button__StyledButton-sc-10ikksp-0 dwvucW"
>
  Button
</button>
`;
